// Jest Snapshot v1, https://goo.gl/fbAQLP

exports[`<Classification /> renders an <img /> component 1`] = `
<img
  alt=""
  src="gallery2.jpeg"
/>
`;

exports[`<Classification /> renders correctly 1`] = `
<img
  alt=""
  src="gallery2.jpeg"
/>
`;
